// Jest Snapshot v1, https://goo.gl/fbAQLP

exports[`Home unit tests Home connected snapshot test 1`] = `
Array [
  <header
    className="Header"
  >
    <a
      className="header_a"
      href="/"
      onClick={[Function]}
    >
      <img
        alt=""
        className="home_logo"
        src="home_logo.png"
      />
      <h1
        className="title"
      >
         Annuaire des Anciens 
      </h1>
    </a>
  </header>,
  <nav
    className="Nav"
  >
    <div
      className="Menu"
    >
      <a
        className="button"
        href="/search"
        onClick={[Function]}
      >
        rechercher
      </a>
      <a
        className="button"
        href="/profile"
        onClick={[Function]}
      >
        mon profil
      </a>
      <a
        className="button"
        href="/"
        onClick={[Function]}
      >
        se d√©connecter
      </a>
    </div>
    <a
      className="help_link"
      href="/help"
      onClick={[Function]}
    >
      <img
        alt=""
        className="help_icon"
        src="help_icon.png"
      />
    </a>
  </nav>,
  <div
    className="Home"
  >
    <section
      className="home"
    >
      <div
        className="Board left"
        style={
          Object {
            "gridTemplateRows": "repeat(5, 0px)",
          }
        }
      />
      <div
        className="home_title"
      >
        <p
          className="welcome"
        >
           Bienvenue sur l'annuaire des anciens 
        </p>
        <p
          className="welcome_etic"
        >
           ETIC INSA TECHNOLOGIES 
        </p>
      </div>
      <div
        className="Board right"
        style={
          Object {
            "gridTemplateRows": "repeat(5, 0px)",
          }
        }
      />
    </section>
  </div>,
]
`;

exports[`Home unit tests Home not connected snapshot test 1`] = `
Array [
  <header
    className="Header"
  >
    <a
      className="header_a"
      href="/"
      onClick={[Function]}
    >
      <img
        alt=""
        className="home_logo"
        src="home_logo.png"
      />
      <h1
        className="title"
      >
         Annuaire des Anciens 
      </h1>
    </a>
  </header>,
  <nav
    className="Nav"
  >
    <div
      className="Menu"
    >
      <a
        className="button"
        href="/connection"
        onClick={[Function]}
      >
        se connecter
      </a>
    </div>
    <a
      className="help_link"
      href="/help"
      onClick={[Function]}
    >
      <img
        alt=""
        className="help_icon"
        src="help_icon.png"
      />
    </a>
  </nav>,
  <div
    className="Home"
  >
    <section
      className="home"
    >
      <div
        className="Board left"
        style={
          Object {
            "gridTemplateRows": "repeat(5, 0px)",
          }
        }
      />
      <div
        className="home_title"
      >
        <p
          className="welcome"
        >
           Bienvenue sur l'annuaire des anciens 
        </p>
        <p
          className="welcome_etic"
        >
           ETIC INSA TECHNOLOGIES 
        </p>
      </div>
      <div
        className="Board right"
        style={
          Object {
            "gridTemplateRows": "repeat(5, 0px)",
          }
        }
      />
    </section>
  </div>,
]
`;
